[smoke] Importing project resources
[smoke probe] Environment warning: ERROR: Failed to read the root certificate store.
[smoke probe] Environment warning: ERROR: Cannot save file 'C:/Users/ornit/AppData/Roaming/Godot/editor_settings-4.7.tres'.
[smoke probe] Environment warning: ERROR: Error saving editor settings to C:/Users/ornit/AppData/Roaming/Godot/editor_settings-4.7.tres
[smoke probe] PASS
[smoke] Running movement_smoke
[smoke probe] Environment warning: ERROR: Failed to open 'user://logs/godot2026-10-09T07.31.57.log'.
[smoke probe] Environment warning: ERROR: Failed to open log file for writing: user://logs/godot.log
[smoke probe] Environment warning: ERROR: Failed to read the root certificate store.
[smoke probe] PASS
[smoke] Running ground_dust_smoke
[smoke probe] Environment warning: ERROR: Failed to open 'user://logs/godot2026-10-09T07.32.05.log'.
[smoke probe] Environment warning: ERROR: Failed to open log file for writing: user://logs/godot.log
[smoke probe] Environment warning: ERROR: Failed to read the root certificate store.
[smoke probe] PASS
[smoke] Running player_combat_smoke
[smoke probe] Environment warning: ERROR: Failed to open 'user://logs/godot2026-10-09T07.32.08.log'.
[smoke probe] Environment warning: ERROR: Failed to open log file for writing: user://logs/godot.log
[smoke probe] Environment warning: ERROR: Failed to read the root certificate store.
[smoke probe] PASS
[smoke] Running training_dummy_smoke
[smoke probe] Environment warning: ERROR: Failed to open 'user://logs/godot2026-10-09T07.32.12.log'.
[smoke probe] Environment warning: ERROR: Failed to open log file for writing: user://logs/godot.log
[smoke probe] Environment warning: ERROR: Failed to read the root certificate store.
[smoke probe] PASS
[smoke] Running forest_raider_smoke
[smoke probe] Environment warning: ERROR: Failed to open 'user://logs/godot2026-10-09T07.32.15.log'.
[smoke probe] Environment warning: ERROR: Failed to open log file for writing: user://logs/godot.log
[smoke probe] Environment warning: ERROR: Failed to read the root certificate store.
[smoke probe] PASS
[smoke] Running raider_spacing_stress_smoke
[smoke probe] Environment warning: ERROR: Failed to open 'user://logs/godot2026-10-09T07.32.20.log'.
[smoke probe] Environment warning: ERROR: Failed to open log file for writing: user://logs/godot.log
[smoke probe] Environment warning: ERROR: Failed to read the root certificate store.
[smoke probe] PASS
[smoke] Running raider_visual_animator_smoke
[smoke probe] Environment warning: ERROR: Failed to open 'user://logs/godot2026-10-09T07.32.32.log'.
[smoke probe] Environment warning: ERROR: Failed to open log file for writing: user://logs/godot.log
[smoke probe] Environment warning: ERROR: Failed to read the root certificate store.
[smoke probe] PASS
[smoke] Running combat_hud_smoke
[smoke probe] Environment warning: ERROR: Failed to open 'user://logs/godot2026-10-09T07.32.33.log'.
[smoke probe] Environment warning: ERROR: Failed to open log file for writing: user://logs/godot.log
[smoke probe] Environment warning: ERROR: Failed to read the root certificate store.
[smoke probe] PASS
[smoke] Running stage_tools_smoke
[smoke probe] Environment warning: ERROR: Failed to open 'user://logs/godot2026-10-09T07.32.34.log'.
[smoke probe] Environment warning: ERROR: Failed to open log file for writing: user://logs/godot.log
[smoke probe] Environment warning: ERROR: Failed to read the root certificate store.
[smoke probe] PASS
[smoke] Running stage_integration_smoke
[smoke probe] Environment warning: ERROR: Failed to open 'user://logs/godot2026-10-09T07.32.35.log'.
[smoke probe] Environment warning: ERROR: Failed to open log file for writing: user://logs/godot.log
[smoke probe] Environment warning: ERROR: Failed to read the root certificate store.
[smoke probe] PASS
[smoke] Running game_session_smoke
[smoke probe] Environment warning: ERROR: Failed to open 'user://logs/godot2026-10-09T07.32.36.log'.
[smoke probe] Environment warning: ERROR: Failed to open log file for writing: user://logs/godot.log
[smoke probe] Environment warning: ERROR: Failed to read the root certificate store.
[smoke probe] PASS
[smoke] Running game_session_navigation_smoke
[smoke probe] Environment warning: ERROR: Failed to open 'user://logs/godot2026-10-09T07.32.37.log'.
[smoke probe] Environment warning: ERROR: Failed to open log file for writing: user://logs/godot.log
[smoke probe] Environment warning: ERROR: Failed to read the root certificate store.
[smoke probe] PASS
[smoke] Running game_pause_smoke
[smoke probe] Environment warning: ERROR: Failed to open 'user://logs/godot2026-10-09T07.32.38.log'.
[smoke probe] Environment warning: ERROR: Failed to open log file for writing: user://logs/godot.log
[smoke probe] Environment warning: ERROR: Failed to read the root certificate store.
[smoke probe] PASS
[smoke] Running gamepad_input_smoke
[smoke probe] Environment warning: ERROR: Failed to open 'user://logs/godot2026-10-09T07.32.40.log'.
[smoke probe] Environment warning: ERROR: Failed to open log file for writing: user://logs/godot.log
[smoke probe] Environment warning: ERROR: Failed to read the root certificate store.
[smoke probe] PASS
[smoke] Running player_keypose_pipeline_smoke
[smoke probe] Environment warning: ERROR: Failed to open 'user://logs/godot2026-10-09T07.32.41.log'.
[smoke probe] Environment warning: ERROR: Failed to open log file for writing: user://logs/godot.log
[smoke probe] Environment warning: ERROR: Failed to read the root certificate store.
[smoke probe] PASS
[smoke] Running player_keypose_relayout_smoke
[smoke probe] Environment warning: ERROR: Failed to open 'user://logs/godot2026-10-09T07.32.43.log'.
[smoke probe] Environment warning: ERROR: Failed to open log file for writing: user://logs/godot.log
[smoke probe] Environment warning: ERROR: Failed to read the root certificate store.
[smoke probe] PASS
[smoke] Running player_reference_review_smoke
[smoke probe] Environment warning: ERROR: Failed to open 'user://logs/godot2026-10-09T07.32.44.log'.
[smoke probe] Environment warning: ERROR: Failed to open log file for writing: user://logs/godot.log
[smoke probe] Environment warning: ERROR: Failed to read the root certificate store.
[smoke probe] PASS
[smoke] Running art_review_smoke
[smoke probe] Environment warning: ERROR: Failed to open 'user://logs/godot2026-10-09T07.32.45.log'.
[smoke probe] Environment warning: ERROR: Failed to open log file for writing: user://logs/godot.log
[smoke probe] Environment warning: ERROR: Failed to read the root certificate store.
[smoke probe] PASS
[smoke] Running player_art_normalize_smoke
[smoke probe] Environment warning: ERROR: Failed to open 'user://logs/godot2026-10-09T07.33.06.log'.
[smoke probe] Environment warning: ERROR: Failed to open log file for writing: user://logs/godot.log
[smoke probe] Environment warning: ERROR: Failed to read the root certificate store.
[smoke probe] Expected rejected-input diagnostic: ERROR: Condition "!success" is true. Returning: ERR_FILE_CORRUPT
[smoke probe] Expected rejected-input diagnostic: ERROR: Condition "err" is true. Returning: Ref<Image>()
[smoke probe] Expected rejected-input diagnostic: ERROR: Condition "image.is_null()" is true. Returning: ERR_PARSE_ERROR
[smoke probe] PASS
[smoke] Running player_reference_compare_smoke
[smoke probe] Environment warning: ERROR: Failed to open 'user://logs/godot2026-10-09T07.33.08.log'.
[smoke probe] Environment warning: ERROR: Failed to open log file for writing: user://logs/godot.log
[smoke probe] Environment warning: ERROR: Failed to read the root certificate store.
[smoke probe] PASS
[smoke] Running player_v5_art_smoke
[smoke probe] Environment warning: ERROR: Failed to open 'user://logs/godot2026-10-09T07.33.12.log'.
[smoke probe] Environment warning: ERROR: Failed to open log file for writing: user://logs/godot.log
[smoke probe] Environment warning: ERROR: Failed to read the root certificate store.
[smoke probe] PASS
[smoke] Running forest_raider_matte_smoke
[smoke probe] Environment warning: ERROR: Failed to open 'user://logs/godot2026-10-09T07.33.37.log'.
[smoke probe] Environment warning: ERROR: Failed to open log file for writing: user://logs/godot.log
[smoke probe] Environment warning: ERROR: Failed to read the root certificate store.
[smoke probe] Expected rejected-input diagnostic: ERROR: Condition "!success" is true. Returning: ERR_FILE_CORRUPT
[smoke probe] Expected rejected-input diagnostic: ERROR: Condition "err" is true. Returning: Ref<Image>()
[smoke probe] Expected rejected-input diagnostic: ERROR: Condition "image.is_null()" is true. Returning: ERR_PARSE_ERROR
[smoke probe] PASS
[smoke] Running player_v5_final_matte_smoke
[smoke probe] Environment warning: ERROR: Failed to open 'user://logs/godot2026-10-09T07.33.39.log'.
[smoke probe] Environment warning: ERROR: Failed to open log file for writing: user://logs/godot.log
[smoke probe] Environment warning: ERROR: Failed to read the root certificate store.
[smoke probe] PASS
[smoke] Running forest_raider_final_matte_smoke
[smoke probe] Environment warning: ERROR: Failed to open 'user://logs/godot2026-10-09T07.33.52.log'.
[smoke probe] Environment warning: ERROR: Failed to open log file for writing: user://logs/godot.log
[smoke probe] Environment warning: ERROR: Failed to read the root certificate store.
[smoke probe] Expected rejected-input diagnostic: ERROR: Condition "!success" is true. Returning: ERR_FILE_CORRUPT
[smoke probe] Expected rejected-input diagnostic: ERROR: Condition "err" is true. Returning: Ref<Image>()
[smoke probe] Expected rejected-input diagnostic: ERROR: Condition "image.is_null()" is true. Returning: ERR_PARSE_ERROR
[smoke probe] PASS
[smoke] Running player_v6_art_smoke
[smoke probe] Environment warning: ERROR: Failed to open 'user://logs/godot2026-10-09T07.33.57.log'.
[smoke probe] Environment warning: ERROR: Failed to open log file for writing: user://logs/godot.log
[smoke probe] Environment warning: ERROR: Failed to read the root certificate store.
[smoke probe] PASS
[smoke] Running player_v7_ink_smoke
[smoke probe] Environment warning: ERROR: Failed to open 'user://logs/godot2026-10-09T07.34.33.log'.
[smoke probe] Environment warning: ERROR: Failed to open log file for writing: user://logs/godot.log
[smoke probe] Environment warning: ERROR: Failed to read the root certificate store.
[smoke probe] PASS
[smoke] Running combat_audio_smoke
[smoke probe] Environment warning: ERROR: Failed to open 'user://logs/godot2026-10-09T07.34.50.log'.
[smoke probe] Environment warning: ERROR: Failed to open log file for writing: user://logs/godot.log
[smoke probe] Environment warning: ERROR: Failed to read the root certificate store.
[smoke probe] PASS
[smoke] Running combat_art_overlap_smoke with the window renderer
[smoke probe] Environment warning: ERROR: Failed to open 'user://logs/godot2026-10-09T07.34.51.log'.
[smoke probe] Environment warning: ERROR: Failed to open log file for writing: user://logs/godot.log
[smoke probe] Environment warning: ERROR: Failed to read the root certificate store.
[smoke probe] PASS
[smoke] Running combat_art_candidate_capture_smoke with the window renderer
[smoke probe] Environment warning: ERROR: Failed to open 'user://logs/godot2026-10-09T07.34.53.log'.
[smoke probe] Environment warning: ERROR: Failed to open log file for writing: user://logs/godot.log
[smoke probe] Environment warning: ERROR: Failed to read the root certificate store.
[smoke probe] PASS
[smoke] Running forest_raider_art_integration_smoke with the window renderer
[smoke probe] Environment warning: ERROR: Failed to open 'user://logs/godot2026-10-09T07.34.56.log'.
[smoke probe] Environment warning: ERROR: Failed to open log file for writing: user://logs/godot.log
[smoke probe] Environment warning: ERROR: Failed to read the root certificate store.
[smoke probe] PASS
[smoke] Running player_art_integration_smoke with the window renderer
[smoke probe] Environment warning: ERROR: Failed to open 'user://logs/godot2026-10-09T07.35.00.log'.
[smoke probe] Environment warning: ERROR: Failed to open log file for writing: user://logs/godot.log
[smoke probe] Environment warning: ERROR: Failed to read the root certificate store.
[smoke probe] PASS
[smoke] Running player_visual_animator_smoke with the window renderer
[smoke probe] Environment warning: ERROR: Failed to open 'user://logs/godot2026-10-09T07.35.03.log'.
[smoke probe] Environment warning: ERROR: Failed to open log file for writing: user://logs/godot.log
[smoke probe] Environment warning: ERROR: Failed to read the root certificate store.
[smoke probe] PASS
[smoke] Running camera_boundary_window_smoke with the window renderer
[smoke probe] Environment warning: ERROR: Failed to open 'user://logs/godot2026-10-09T07.35.04.log'.
[smoke probe] Environment warning: ERROR: Failed to open log file for writing: user://logs/godot.log
[smoke probe] Environment warning: ERROR: Failed to read the root certificate store.
[smoke probe] PASS
[smoke] Verifying runner against PASS fixtures
[smoke probe] Environment warning: ERROR: Failed to open 'user://logs/godot2026-10-09T07.35.43.log'.
[smoke probe] Environment warning: ERROR: Failed to open log file for writing: user://logs/godot.log
[smoke probe] Environment warning: ERROR: Failed to read the root certificate store.
[smoke probe] Godot error: ERROR: false_pass: intentional runtime failure after the success marker
[smoke probe] Environment warning: ERROR: Failed to open 'user://logs/godot2026-10-09T07.35.44.log'.
[smoke probe] Environment warning: ERROR: Failed to open log file for writing: user://logs/godot.log
[smoke probe] Environment warning: ERROR: Failed to read the root certificate store.
[smoke probe] PASS
Usage: smoke_runner_probe.cmd <log-file> <exit-code> [final-success-marker]
[smoke probe] Environment warning: ERROR: Failed to open 'user://logs/godot2026-10-09T07.35.45.log'.
[smoke probe] Environment warning: ERROR: Failed to open log file for writing: user://logs/godot.log
[smoke probe] Environment warning: ERROR: Failed to read the root certificate store.
[smoke probe] Process exited with code 1.
[smoke] Verifying bounded process runner fixtures
[smoke probe] PASS
[smoke] All independent smoke checks passed.
