ERROR: Failed to open 'user://logs/godot2026-10-09T13.13.26.log'.
   at: copy (core/io/dir_access.cpp:429)
ERROR: Failed to open log file for writing: user://logs/godot.log
   at: rotate_file (core/io/logger.cpp:169)
Godot Engine v4.7.2.stable.mono.official.ed1daf0bf - https://godotengine.org
OpenGL API 3.3.0 Core Profile Context 26.8.1.260806 - Compatibility - Using Device: ATI Technologies Inc. - AMD Radeon RX 6900 XT

ERROR: Failed to read the root certificate store.
   at: get_system_ca_certificates (platform/windows/os_windows.cpp:2582)
PASS: smoke requires a Window Viewport
PASS: capture records real rightward movement
PASS: capture records direction reversal
ERROR: ERROR: Failed to open 'user://logs/godot2026-10-09T13.13.27.log'.
   at: copy (core/io/dir_access.cpp:429)
ERROR: Failed to open log file for writing: user://logs/godot.log
   at: rotate_file (core/io/logger.cpp:169)
Godot Engine v4.7.2.stable.mono.official.ed1daf0bf - https://godotengine.org
OpenGL API 3.3.0 Core Profile Context 26.8.1.260806 - Compatibility - Using Device: ATI Technologies Inc. - AMD Radeon RX 6900 XT

ERROR: Failed to read the root certificate store.
   at: get_system_ca_certificates (platform/windows/os_windows.cpp:2582)
PASS: Window renderer is available
PASS: main.tscn loads as the live combat scene
PASS: main scene provides the real Player
PASS: main scene provides the real combat HUD
PASS: main scene provides CombatAudio
PASS: main scene provides the Player camera
PASS: main scene provides Raider 1
PASS: main scene provides Raider 2
PASS: main scene provides Raider 3
PASS: '01 쨌 LIVE START' is captured from the real 1920x1080 Window Viewport after frame_post_draw
PASS: '01 쨌 LIVE START' contains rendered Player/Raider pixels in the Window capture
PASS: synthetic right action advances live physics and turns Player right
PASS: '02 쨌 MOVE RIGHT' is captured from the real 1920x1080 Window Viewport after frame_post_draw
PASS: '02 쨌 MOVE RIGHT' contains rendered Player/Raider pixels in the Window capture
PASS: synthetic left action reverses live movement and facing
PASS: '03 쨌 TURN' is captured from the real 1920x1080 Window Viewport after frame_post_draw
PASS: '03 쨌 TURN' contains rendered Player/Raider pixels in the Window capture
PASS: attack 1 reaches startup through its real input before introducing the live target
PASS: attack 1 reached active through its real combo input and physics state
PASS: attack 1 active phase enables its actual Area2D hitbox
PASS: attack 1 displays its approved contact keypose
PASS: '04 쨌 ATTACK 1 ACTIVE' is captured from the real 1920x1080 Window Viewport after frame_post_draw
PASS: '04 쨌 ATTACK 1 ACTIVE' contains rendered Player/Raider pixels in the Window capture
PASS: attack 1 emits its actual hit signal
PASS: attack 1 target emits raider_hit
PASS: attack 1 reduces real Raider health
PASS: attack 1 hit signal corresponds to a live hitbox overlap
PASS: attack 1 is recorded with its enabled live hitbox overlapping a body
PASS: attack 1 real hit enters hit-stop
combat-live-session trace:
render 01 쨌 LIVE START: player=(960.0, 780.0) canvas=(961.147, 646.5757) art_visible=true in_tree=true scale=(0.447813, 0.449141) modulate=(1.0, 1.0, 1.0, 1.0) texture=(1254.0, 1254.0) camera=(960.0, 420.0) current=true viewport=(1920.0, 1080.0)
movement right: x=1039.3 facing=(1.0, 0.0) physics=44
render 02 쨌 MOVE RIGHT: player=(1039.333, 780.0) canvas=(969.2635, 647.2336) art_visible=true in_tree=true scale=(0.447333, 0.448118) modulate=(1.0, 1.0, 1.0, 1.0) texture=(1254.0, 1254.0) camera=(1039.333, 420.0) current=true viewport=(1920.0, 1080.0)
movement reversal: x=978.7 facing=(-1.0, 0.0) physics=75
render 03 쨌 TURN: player=(978.6667, 780.0) canvas=(953.4536, 648.4401) art_visible=true in_tree=true scale=(0.446514, -0.446245) modulate=(1.0, 1.0, 1.0, 1.0) texture=(1254.0, 1254.0) camera=(978.6667, 420.0) current=true viewport=(1920.0, 1080.0)
combo start: physics=97 player=(978.6667, 780.0)
raider 1 begins windup at physics=99 position=(913.1112, 780.0)
attack tap: physics=99 phase=startup stage=1 buffer=0.000
stage 1 active: physics=103 phase=active hitbox=true overlaps=1 health=3 time_scale=1.000
raider 1 received attack stage 1 at physics=103 health=3
stage 1 hit-stop entered at physics=103 scale=0.080
render 04 쨌 ATTACK 1 ACTIVE: player=(927.9365, 780.0) canvas=(938.9937, 651.55) art_visible=false in_tree=false scale=(0.452863, -0.441715) modulate=(1.0, 1.0, 1.0, 1.0) texture=(1254.0, 1254.0) camera=(927.9365, 420.0) current=true viewport=(1920.0, 1080.0)
raider 1 begins windup at physics=115 position=(893.8974, 780.0)
stage 1 contact: raider=1 hp=3->2 raider_hit=1 attack_hit=1 hitstop=true
ERROR: combat_live_session_window_smoke: attack 1 reaches recovery or advances through its buffered combo
   at: push_error (core/variant/variant_utility.cpp:1023)
   GDScript backtrace (most recent call first):
       [0] _finish (res://tools/capture_combat_live_session.gd:455)
       [1] _run (res://tools/capture_combat_live_session.gd:97)
       [2] _run_live_combo (res://tools/capture_combat_live_session.gd:169)
       [3] _wait_for_stage_phase (res://tools/capture_combat_live_session.gd:205)
ERROR: combat_live_session_window_smoke: 1 check(s) failed
   at: push_error (core/variant/variant_utility.cpp:1023)
   GDScript backtrace (most recent call first):
       [0] _finish (res://tools/capture_combat_live_session.gd:456)
       [1] _run (res://tools/capture_combat_live_session.gd:97)
       [2] _run_live_combo (res://tools/capture_combat_live_session.gd:169)
       [3] _wait_for_stage_phase (res://tools/capture_combat_live_session.gd:205)

   at: push_error (core/variant/variant_utility.cpp:1023)
   GDScript backtrace (most recent call first):
       [0] _run (res://tests/combat_live_session_window_smoke.gd:28)
WARNING: Loaded resource as image file, this will not work on export: 'res://assets/art/review/combat_live_session_window.png'. Instead, import the image file as an Image resource and load it normally as a resource.
   at: load (core/io/image.cpp:2770)
   GDScript backtrace (most recent call first):
       [0] _run (res://tests/combat_live_session_window_smoke.gd:30)
PASS: live session timeline PNG is created
PASS: live session timeline PNG is 1920x1080
ERROR: combat_live_session_window_smoke: live combat capture process exits successfully
   at: push_error (core/variant/variant_utility.cpp:1023)
   GDScript backtrace (most recent call first):
       [0] _run (res://tests/combat_live_session_window_smoke.gd:39)
ERROR: combat_live_session_window_smoke: capture reports all real combat checks passed
   at: push_error (core/variant/variant_utility.cpp:1023)
   GDScript backtrace (most recent call first):
       [0] _run (res://tests/combat_live_session_window_smoke.gd:39)
ERROR: combat_live_session_window_smoke: capture confirms real hit signals
   at: push_error (core/variant/variant_utility.cpp:1023)
   GDScript backtrace (most recent call first):
       [0] _run (res://tests/combat_live_session_window_smoke.gd:39)
ERROR: combat_live_session_window_smoke: capture observes hit-stop
   at: push_error (core/variant/variant_utility.cpp:1023)
   GDScript backtrace (most recent call first):
       [0] _run (res://tests/combat_live_session_window_smoke.gd:39)
ERROR: combat_live_session_window_smoke: all seven chronological frames contain rendered combat characters
   at: push_error (core/variant/variant_utility.cpp:1023)
   GDScript backtrace (most recent call first):
       [0] _run (res://tests/combat_live_session_window_smoke.gd:39)
ERROR: combat_live_session_window_smoke: 5 check(s) failed
   at: push_error (core/variant/variant_utility.cpp:1023)
   GDScript backtrace (most recent call first):
       [0] _run (res://tests/combat_live_session_window_smoke.gd:40)
