ERROR: Failed to open 'user://logs/godot2026-10-09T13.08.45.log'.
   at: copy (core/io/dir_access.cpp:429)
ERROR: Failed to open log file for writing: user://logs/godot.log
   at: rotate_file (core/io/logger.cpp:169)
Godot Engine v4.7.2.stable.mono.official.ed1daf0bf - https://godotengine.org
OpenGL API 3.3.0 Core Profile Context 26.8.1.260806 - Compatibility - Using Device: ATI Technologies Inc. - AMD Radeon RX 6900 XT

ERROR: Failed to read the root certificate store.
   at: get_system_ca_certificates (platform/windows/os_windows.cpp:2582)
gameplay-endings-window-gate: VICTORY result panel/actor bounds overlap is below 2% for Player and all Raiders
gameplay-endings-window-gate: DEFEAT result panel/actor bounds overlap is below 2% for Player and all Raiders
gameplay-endings-window-gate: VICTORY result panel/actor bounds overlap is below 2% for Player and all Raiders
gameplay-endings-window-gate: victory came from Raider receive_hit calls; this is not labeled live-combat victory
gameplay-endings-window-gate: validated evaluated VICTORY/DEFEAT, PAUSE, title return, controls, HUD, Player/3 Raiders, and restored globals
gameplay-endings-window-gate: saved res://assets/art/review/gameplay_endings_window.png
WARNING: Loaded resource as image file, this will not work on export: 'res://assets/art/review/gameplay_endings_window.png'. Instead, import the image file as an Image resource and load it normally as a resource.
   at: load (core/io/image.cpp:2770)
   GDScript backtrace (most recent call first):
       [0] _run (res://tests/gameplay_endings_window_smoke.gd:30)
       [1] capture (res://tools/capture_gameplay_endings.gd:156)
       [2] _build_comparison (res://tools/capture_gameplay_endings.gd:431)
PASS: actual Window frames captured after frame_post_draw at 1920x1080
PASS: VICTORY and DEFEAT are evaluated after existing receive_hit calls at normal spawn and after WASD movement
PASS: result and pause panels avoid HUD overlap and cover under 2% of each actor's visible art
PASS: retry restores pause, time scale, and prior CombatAudio
PASS: keyboard and synthetic gamepad focus reach result/pause actions
PASS: result controls and actor art fit; pause controls render over the live actor scene
PASS: PAUSE returns through the title scene and restores global state
gameplay_endings_window_smoke: all checks passed
